{"level":"info","message":"Auth service started","port":4001,"service":"auth-service","timestamp":"2026-05-10T10:19:09.370Z"}
{"ip":"::1","level":"info","message":"Incoming request","method":"GET","path":"/health","service":"service","timestamp":"2026-05-10T11:24:36.293Z"}
{"level":"info","memory":{"arrayBuffers":35303,"external":2859200,"heapTotal":13381632,"heapUsed":11789704,"rss":18780160},"message":"Health check performed","service":"auth-service","status":"healthy","timestamp":"2026-05-10T11:24:36.300Z","uptime":3928.0228032}
{"ip":"::1","level":"info","message":"Incoming request","method":"GET","path":"/favicon.ico","service":"service","timestamp":"2026-05-10T11:24:36.388Z"}
{"ip":"::1","level":"info","message":"Incoming request","method":"GET","path":"/","service":"service","timestamp":"2026-05-10T11:25:31.301Z"}
{"ip":"::1","level":"info","message":"Incoming request","method":"GET","path":"/","service":"service","timestamp":"2026-05-10T11:25:33.343Z"}
{"level":"info","message":"Payment service started","port":4002,"service":"payment-service","timestamp":"2026-05-10T11:28:04.033Z"}
{"ip":"::1","level":"info","message":"Incoming request","method":"GET","path":"/","service":"service","timestamp":"2026-05-10T11:29:07.961Z"}
{"ip":"::1","level":"info","message":"Incoming request","method":"GET","path":"/","service":"service","timestamp":"2026-05-10T11:29:09.930Z"}
{"level":"info","message":"Notification service started","port":4003,"service":"notification-service","timestamp":"2026-05-10T11:29:18.842Z"}
{"level":"info","message":"Payment service started","port":4002,"service":"payment-service","timestamp":"2026-05-10T11:50:15.864Z"}
{"level":"info","message":"Payment service started","port":4002,"service":"payment-service","timestamp":"2026-05-10T11:52:32.247Z"}
{"level":"info","message":"Auth service started","port":4001,"service":"auth-service","timestamp":"2026-05-10T11:53:58.299Z"}
{"level":"info","message":"Payment service started","port":4002,"service":"payment-service","timestamp":"2026-05-10T11:55:08.513Z"}
{"level":"info","message":"Payment service started","port":4002,"service":"payment-service","timestamp":"2026-05-10T11:56:25.641Z"}
{"level":"info","message":"Payment service started","port":4002,"service":"payment-service","timestamp":"2026-05-10T11:56:46.279Z"}
{"level":"info","message":"Payment service started","port":4002,"service":"payment-service","timestamp":"2026-05-10T12:05:18.071Z"}
{"level":"info","message":"Auth service started","port":4001,"service":"auth-service","timestamp":"2026-05-10T12:09:02.470Z"}
{"level":"info","message":"Payment service started","port":4002,"service":"payment-service","timestamp":"2026-05-10T12:13:46.090Z"}
{"level":"info","message":"Payment service started","port":4002,"service":"payment-service","timestamp":"2026-05-10T12:15:43.593Z"}
{"level":"info","message":"Payment service started","port":4002,"service":"payment-service","timestamp":"2026-05-10T12:15:56.933Z"}
{"level":"info","message":"Auth service started","port":4001,"service":"auth-service","timestamp":"2026-05-10T12:16:16.957Z"}
{"level":"info","message":"Payment service started","port":4002,"service":"payment-service","timestamp":"2026-05-10T12:18:44.682Z"}
{"level":"info","message":"Payment service started","port":4002,"service":"payment-service","timestamp":"2026-05-10T12:18:45.860Z"}
{"level":"info","message":"Payment service started","port":4002,"service":"payment-service","timestamp":"2026-05-10T12:19:11.178Z"}
{"level":"info","message":"Payment service started","port":4002,"service":"payment-service","timestamp":"2026-05-10T12:19:59.882Z"}
{"level":"info","message":"Payment service started","port":4002,"service":"payment-service","timestamp":"2026-05-10T12:20:44.404Z"}
{"level":"info","message":"Auth service started","port":4001,"service":"auth-service","timestamp":"2026-05-10T12:21:48.884Z"}
{"level":"info","message":"Auth service started","port":4001,"service":"auth-service","timestamp":"2026-05-10T12:22:13.114Z"}
{"level":"info","message":"Payment service started","port":4002,"service":"payment-service","timestamp":"2026-05-10T12:23:18.261Z"}
{"level":"info","message":"Auth service started","port":4001,"service":"auth-service","timestamp":"2026-05-10T12:23:48.173Z"}
{"level":"info","message":"Auth service started","port":4001,"service":"auth-service","timestamp":"2026-05-10T12:24:16.012Z"}
{"level":"info","message":"Auth service started","port":4001,"service":"auth-service","timestamp":"2026-05-10T12:24:33.251Z"}
{"level":"info","message":"Auth service started","port":4001,"service":"auth-service","timestamp":"2026-05-10T12:29:47.616Z"}
{"level":"info","message":"Auth service started","port":4001,"service":"auth-service","timestamp":"2026-05-10T12:30:16.114Z"}
{"level":"info","message":"Payment service started","port":4002,"service":"payment-service","timestamp":"2026-05-10T12:32:13.522Z"}
{"level":"info","message":"Payment service started","port":4002,"service":"payment-service","timestamp":"2026-05-10T12:32:46.191Z"}
{"level":"info","message":"Payment service started","port":4002,"service":"payment-service","timestamp":"2026-05-10T12:33:00.849Z"}
{"level":"info","message":"Auth service started","port":4001,"service":"auth-service","timestamp":"2026-05-10T12:34:00.383Z"}
{"level":"info","message":"Payment service started","port":4002,"service":"payment-service","timestamp":"2026-05-10T12:34:17.136Z"}
{"level":"info","message":"Auth service started","port":4001,"service":"auth-service","timestamp":"2026-05-10T12:34:57.117Z"}
{"level":"info","message":"Payment service started","port":4002,"service":"payment-service","timestamp":"2026-05-10T12:35:11.626Z"}
{"level":"info","message":"Payment service started","port":4002,"service":"payment-service","timestamp":"2026-05-10T12:36:22.969Z"}
{"level":"info","message":"Payment service started","port":4002,"service":"payment-service","timestamp":"2026-05-10T12:36:46.179Z"}
{"level":"info","message":"Payment service started","port":4002,"service":"payment-service","timestamp":"2026-05-10T12:37:13.089Z"}
{"level":"info","message":"Payment service started","port":4002,"service":"payment-service","timestamp":"2026-05-10T12:39:41.350Z"}
{"level":"info","message":"Payment service started","port":4002,"service":"payment-service","timestamp":"2026-05-10T12:39:53.030Z"}
{"level":"info","message":"Payment service started","port":4002,"service":"payment-service","timestamp":"2026-05-10T12:40:17.037Z"}
{"level":"info","message":"Auth service started","port":4001,"service":"auth-service","timestamp":"2026-05-10T12:40:20.286Z"}
{"level":"info","message":"Payment service started","port":4002,"service":"payment-service","timestamp":"2026-05-10T12:42:23.253Z"}
{"level":"info","message":"Payment service started","port":4002,"service":"payment-service","timestamp":"2026-05-10T12:45:04.160Z"}
{"level":"info","message":"Payment service started","port":4002,"service":"payment-service","timestamp":"2026-05-10T12:45:16.852Z"}
{"level":"info","message":"Payment service started","port":4002,"service":"payment-service","timestamp":"2026-05-10T12:46:36.093Z"}
{"level":"info","message":"Payment service started","port":4002,"service":"payment-service","timestamp":"2026-05-10T12:47:10.587Z"}
{"level":"info","message":"Payment Service listening on port 4002","service":"service","timestamp":"2026-05-10T16:26:42.794Z"}
{"level":"info","message":"Payment Service listening on port 4002","service":"service","timestamp":"2026-05-10T16:26:59.379Z"}
{"level":"info","message":"Payment Service listening on port 4002","service":"service","timestamp":"2026-05-10T16:27:46.045Z"}
{"level":"info","message":"Payment Service listening on port 4002","service":"service","timestamp":"2026-05-10T16:37:29.770Z"}
{"ip":"::1","level":"info","message":"Incoming request","method":"GET","path":"/health","service":"service","timestamp":"2026-05-10T16:39:26.897Z"}
{"ip":"::1","level":"info","message":"Incoming request","method":"POST","path":"/payments/charge","service":"service","timestamp":"2026-05-10T16:39:38.812Z"}
{"level":"info","message":"Payment processed","paymentId":"pay_1778431178813","service":"service","timestamp":"2026-05-10T16:39:38.813Z"}
